Node(s): neu329
Loading cifar10 dataset.
Creating lottery-resnet20 model.
Pre-Train for 0 epochs.
Pruning with rand for 1 epochs.
Inference time on testing dataset, post-pruning: 0.152 sec 
GPU memory allocated: 24.74 MB, peak: 446.51 MB
Train results:
                train_loss  test_loss  ...  top5_accuracy  inference_time
Init.      0          NaN  58.012380  ...          50.00       35.918115
Pre-Prune  0          NaN  58.012380  ...          50.00       35.918115
Post-Prune 0          NaN   2.327997  ...          49.96        0.150894
Final      10    0.704873   0.849539  ...          97.96        0.151614

[4 rows x 5 columns]
First 20 lines of prune results:
                module   param  ...  score abs sum  prunable
0                conv  weight  ...     361.780884      True
1                  bn  weight  ...       0.000000     False
2                  bn    bias  ...       0.000000     False
3      blocks.0.conv1  weight  ...    1802.767090      True
4        blocks.0.bn1  weight  ...       0.000000     False
5        blocks.0.bn1    bias  ...       0.000000     False
6      blocks.0.conv2  weight  ...    1815.869629      True
7        blocks.0.bn2  weight  ...       0.000000     False
8        blocks.0.bn2    bias  ...       0.000000     False
9   blocks.0.shortcut  weight  ...       0.000000     False
10     blocks.1.conv1  weight  ...    1826.695679      True
11       blocks.1.bn1  weight  ...       0.000000     False
12       blocks.1.bn1    bias  ...       0.000000     False
13     blocks.1.conv2  weight  ...    1812.260254      True
14       blocks.1.bn2  weight  ...       0.000000     False
15       blocks.1.bn2    bias  ...       0.000000     False
16  blocks.1.shortcut  weight  ...       0.000000     False
17     blocks.2.conv1  weight  ...    1851.294189      True
18       blocks.2.bn1  weight  ...       0.000000     False
19       blocks.2.bn1    bias  ...       0.000000     False

[20 rows x 13 columns]
Parameter Sparsity: 87482/272714 (0.3208)
FLOP Sparsity: 13250138/41288330 (0.3209)
Saving results.
Loading cifar10 dataset.
Creating lottery-resnet20 model.
Pre-Train for 200 epochs.
Pruning with mag for 1 epochs.
Inference time on testing dataset, post-pruning: 0.187 sec 
GPU memory allocated: 24.74 MB, peak: 446.51 MB
Train results:
                 train_loss  test_loss  ...  top5_accuracy  inference_time
Init.      0           NaN  58.012380  ...          50.00        0.381141
Pre-Prune  200    0.043733   0.710367  ...          99.49        0.161056
Post-Prune 0           NaN   4.866868  ...          59.30        0.111673
Final      10     0.093972   0.528266  ...          99.57        0.187019

[4 rows x 5 columns]
First 20 lines of prune results:
                module   param  ...  score abs sum  prunable
0                conv  weight  ...     114.963142      True
1                  bn  weight  ...       0.000000     False
2                  bn    bias  ...       0.000000     False
3      blocks.0.conv1  weight  ...     407.033142      True
4        blocks.0.bn1  weight  ...       0.000000     False
5        blocks.0.bn1    bias  ...       0.000000     False
6      blocks.0.conv2  weight  ...     407.104248      True
7        blocks.0.bn2  weight  ...       0.000000     False
8        blocks.0.bn2    bias  ...       0.000000     False
9   blocks.0.shortcut  weight  ...       0.000000     False
10     blocks.1.conv1  weight  ...     407.874512      True
11       blocks.1.bn1  weight  ...       0.000000     False
12       blocks.1.bn1    bias  ...       0.000000     False
13     blocks.1.conv2  weight  ...     412.325134      True
14       blocks.1.bn2  weight  ...       0.000000     False
15       blocks.1.bn2    bias  ...       0.000000     False
16  blocks.1.shortcut  weight  ...       0.000000     False
17     blocks.2.conv1  weight  ...     411.615112      True
18       blocks.2.bn1  weight  ...       0.000000     False
19       blocks.2.bn1    bias  ...       0.000000     False

[20 rows x 13 columns]
Parameter Sparsity: 87483/272714 (0.3208)
FLOP Sparsity: 13977291/41288330 (0.3385)
Saving results.
Loading cifar10 dataset.
Creating lottery-resnet20 model.
Pre-Train for 0 epochs.
Pruning with snip for 1 epochs.
Inference time on testing dataset, post-pruning: 0.110 sec 
GPU memory allocated: 25.83 MB, peak: 446.68 MB
Train results:
                train_loss  test_loss  ...  top5_accuracy  inference_time
Init.      0          NaN  58.012380  ...          50.00        0.384470
Pre-Prune  0          NaN  58.012380  ...          50.00        0.384470
Post-Prune 0          NaN  56.125925  ...          49.94        0.135950
Final      10    0.749715   0.813008  ...          98.07        0.110497

[4 rows x 5 columns]
First 20 lines of prune results:
                module   param  ...  score abs sum  prunable
0                conv  weight  ...       0.015346      True
1                  bn  weight  ...       0.000000     False
2                  bn    bias  ...       0.000000     False
3      blocks.0.conv1  weight  ...       0.018276      True
4        blocks.0.bn1  weight  ...       0.000000     False
5        blocks.0.bn1    bias  ...       0.000000     False
6      blocks.0.conv2  weight  ...       0.019198      True
7        blocks.0.bn2  weight  ...       0.000000     False
8        blocks.0.bn2    bias  ...       0.000000     False
9   blocks.0.shortcut  weight  ...       0.000000     False
10     blocks.1.conv1  weight  ...       0.021502      True
11       blocks.1.bn1  weight  ...       0.000000     False
12       blocks.1.bn1    bias  ...       0.000000     False
13     blocks.1.conv2  weight  ...       0.024037      True
14       blocks.1.bn2  weight  ...       0.000000     False
15       blocks.1.bn2    bias  ...       0.000000     False
16  blocks.1.shortcut  weight  ...       0.000000     False
17     blocks.2.conv1  weight  ...       0.035664      True
18       blocks.2.bn1  weight  ...       0.000000     False
19       blocks.2.bn1    bias  ...       0.000000     False

[20 rows x 13 columns]
Parameter Sparsity: 87483/272714 (0.3208)
FLOP Sparsity: 16361927/41288330 (0.3963)
Saving results.
Loading cifar10 dataset.
Creating lottery-resnet20 model.
Pre-Train for 0 epochs.
Pruning with grasp for 1 epochs.
Inference time on testing dataset, post-pruning: 0.114 sec 
GPU memory allocated: 24.74 MB, peak: 445.59 MB
Train results:
                train_loss     test_loss  ...  top5_accuracy  inference_time
Init.      0          NaN  5.801238e+01  ...          50.00        0.417185
Pre-Prune  0          NaN  5.801238e+01  ...          50.00        0.417185
Post-Prune 0          NaN  1.329552e+13  ...          50.00        0.202155
Final      10    1.087839  1.068759e+00  ...          96.02        0.113681

[4 rows x 5 columns]
First 20 lines of prune results:
                module   param  ...  score abs sum  prunable
0                conv  weight  ...       0.249834      True
1                  bn  weight  ...       0.000000     False
2                  bn    bias  ...       0.000000     False
3      blocks.0.conv1  weight  ...       0.287408      True
4        blocks.0.bn1  weight  ...       0.000000     False
5        blocks.0.bn1    bias  ...       0.000000     False
6      blocks.0.conv2  weight  ...       0.304514      True
7        blocks.0.bn2  weight  ...       0.000000     False
8        blocks.0.bn2    bias  ...       0.000000     False
9   blocks.0.shortcut  weight  ...       0.000000     False
10     blocks.1.conv1  weight  ...       0.313802      True
11       blocks.1.bn1  weight  ...       0.000000     False
12       blocks.1.bn1    bias  ...       0.000000     False
13     blocks.1.conv2  weight  ...       0.310425      True
14       blocks.1.bn2  weight  ...       0.000000     False
15       blocks.1.bn2    bias  ...       0.000000     False
16  blocks.1.shortcut  weight  ...       0.000000     False
17     blocks.2.conv1  weight  ...       0.447948      True
18       blocks.2.bn1  weight  ...       0.000000     False
19       blocks.2.bn1    bias  ...       0.000000     False

[20 rows x 13 columns]
Parameter Sparsity: 87483/272714 (0.3208)
FLOP Sparsity: 14675982/41288330 (0.3555)
Saving results.
Loading cifar10 dataset.
Creating lottery-resnet20 model.
Pre-Train for 0 epochs.
Pruning with synflow for 1 epochs.
Inference time on testing dataset, post-pruning: 0.117 sec 
GPU memory allocated: 24.74 MB, peak: 446.51 MB
Train results:
                train_loss  test_loss  ...  top5_accuracy  inference_time
Init.      0          NaN  58.012380  ...          50.00        0.412304
Pre-Prune  0          NaN  58.012380  ...          50.00        0.412304
Post-Prune 0          NaN  10.176601  ...          49.91        0.188430
Final      10    0.711091   0.753808  ...          98.30        0.116567

[4 rows x 5 columns]
First 20 lines of prune results:
                module   param  ...  score abs sum  prunable
0                conv  weight  ...   1.352761e+25      True
1                  bn  weight  ...   0.000000e+00     False
2                  bn    bias  ...   0.000000e+00     False
3      blocks.0.conv1  weight  ...   1.345375e+25      True
4        blocks.0.bn1  weight  ...   0.000000e+00     False
5        blocks.0.bn1    bias  ...   0.000000e+00     False
6      blocks.0.conv2  weight  ...   1.345375e+25      True
7        blocks.0.bn2  weight  ...   0.000000e+00     False
8        blocks.0.bn2    bias  ...   0.000000e+00     False
9   blocks.0.shortcut  weight  ...   0.000000e+00     False
10     blocks.1.conv1  weight  ...   1.345198e+25      True
11       blocks.1.bn1  weight  ...   0.000000e+00     False
12       blocks.1.bn1    bias  ...   0.000000e+00     False
13     blocks.1.conv2  weight  ...   1.345198e+25      True
14       blocks.1.bn2  weight  ...   0.000000e+00     False
15       blocks.1.bn2    bias  ...   0.000000e+00     False
16  blocks.1.shortcut  weight  ...   0.000000e+00     False
17     blocks.2.conv1  weight  ...   1.345117e+25      True
18       blocks.2.bn1  weight  ...   0.000000e+00     False
19       blocks.2.bn1    bias  ...   0.000000e+00     False

[20 rows x 13 columns]
Parameter Sparsity: 87483/272714 (0.3208)
FLOP Sparsity: 25689273/41288330 (0.6222)
Saving results.
Loading mnist dataset.
Creating default-fc model.
Pre-Train for 0 epochs.
Pruning with rand for 1 epochs.
Inference time on testing dataset, post-pruning: 0.020 sec 
GPU memory allocated: 20.98 MB, peak: 22.28 MB
Train results:
                train_loss  test_loss  ...  top5_accuracy  inference_time
Init.      0          NaN   2.306855  ...          47.39        0.147320
Pre-Prune  0          NaN   2.306855  ...          47.39        0.147320
Post-Prune 0          NaN   2.305127  ...          49.80        0.022456
Final      10    0.101561   0.120416  ...          99.89        0.019537

[4 rows x 5 columns]
First 20 lines of prune results:
    module   param  sparsity  ...  score abs variance score abs sum  prunable
0       1  weight  0.317398  ...            0.364183  62539.335938      True
1       1    bias  1.000000  ...            0.000000      0.000000     False
2       3  weight  0.309500  ...            0.367775   7920.516602      True
3       3    bias  1.000000  ...            0.000000      0.000000     False
4       5  weight  0.318300  ...            0.352073   7896.190430      True
5       5    bias  1.000000  ...            0.000000      0.000000     False
6       7  weight  0.315500  ...            0.361521   7916.939453      True
7       7    bias  1.000000  ...            0.000000      0.000000     False
8       9  weight  0.311000  ...            0.354341   7925.648438      True
9       9    bias  1.000000  ...            0.000000      0.000000     False
10     11  weight  0.331000  ...            0.353799    826.184204      True
11     11    bias  1.000000  ...            0.000000      0.000000     False

[12 rows x 13 columns]
Parameter Sparsity: 38267/119910 (0.3191)
FLOP Sparsity: 38267/119910 (0.3191)
Saving results.
Loading mnist dataset.
Creating default-fc model.
Pre-Train for 200 epochs.
Pruning with mag for 1 epochs.
Inference time on testing dataset, post-pruning: 0.019 sec 
GPU memory allocated: 20.98 MB, peak: 22.28 MB
Train results:
                   train_loss  test_loss  ...  top5_accuracy  inference_time
Init.      0             NaN   2.306855  ...          47.39        0.147904
Pre-Prune  200  9.338060e-11   0.258013  ...          99.88        0.016554
Post-Prune 0             NaN   0.247016  ...          99.55        0.018626
Final      10   1.670374e-05   0.166168  ...          99.81        0.018785

[4 rows x 5 columns]
First 20 lines of prune results:
    module   param  sparsity  ...  score abs variance score abs sum  prunable
0       1  weight  0.275408  ...            0.009990   7362.223633      True
1       1    bias  1.000000  ...            0.000000      0.000000     False
2       3  weight  0.456600  ...            0.012421   1370.124756      True
3       3    bias  1.000000  ...            0.000000      0.000000     False
4       5  weight  0.428300  ...            0.010888   1292.411011      True
5       5    bias  1.000000  ...            0.000000      0.000000     False
6       7  weight  0.375600  ...            0.008440   1142.691162      True
7       7    bias  1.000000  ...            0.000000      0.000000     False
8       9  weight  0.315100  ...            0.006392    995.294312      True
9       9    bias  1.000000  ...            0.000000      0.000000     False
10     11  weight  0.410000  ...            0.022240    150.575470      True
11     11    bias  1.000000  ...            0.000000      0.000000     False

[12 rows x 13 columns]
Parameter Sparsity: 38267/119910 (0.3191)
FLOP Sparsity: 38267/119910 (0.3191)
Saving results.
Loading mnist dataset.
Creating default-fc model.
Pre-Train for 0 epochs.
Pruning with snip for 1 epochs.
Inference time on testing dataset, post-pruning: 0.021 sec 
GPU memory allocated: 21.46 MB, peak: 22.76 MB
Train results:
                train_loss  test_loss  ...  top5_accuracy  inference_time
Init.      0          NaN   2.306855  ...          47.39        0.144468
Pre-Prune  0          NaN   2.306855  ...          47.39        0.144468
Post-Prune 0          NaN   2.307302  ...          49.08        0.021479
Final      10    0.052597   0.102943  ...          99.92        0.020716

[4 rows x 5 columns]
First 20 lines of prune results:
    module   param  sparsity  ...  score abs variance score abs sum  prunable
0       1  weight  0.291696  ...        5.989314e-11      0.404448      True
1       1    bias  1.000000  ...        0.000000e+00      0.000000     False
2       3  weight  0.485500  ...        4.284687e-10      0.125934      True
3       3    bias  1.000000  ...        0.000000e+00      0.000000     False
4       5  weight  0.388500  ...        4.830764e-10      0.111812      True
5       5    bias  1.000000  ...        0.000000e+00      0.000000     False
6       7  weight  0.302600  ...        6.846699e-10      0.103630      True
7       7    bias  1.000000  ...        0.000000e+00      0.000000     False
8       9  weight  0.263200  ...        2.011727e-09      0.158670      True
9       9    bias  1.000000  ...        0.000000e+00      0.000000     False
10     11  weight  0.491000  ...        5.414623e-08      0.095505      True
11     11    bias  1.000000  ...        0.000000e+00      0.000000     False

[12 rows x 13 columns]
Parameter Sparsity: 38268/119910 (0.3191)
FLOP Sparsity: 38268/119910 (0.3191)
Saving results.
Loading mnist dataset.
Creating default-fc model.
Pre-Train for 0 epochs.
Pruning with grasp for 1 epochs.
Inference time on testing dataset, post-pruning: 0.021 sec 
GPU memory allocated: 20.98 MB, peak: 22.28 MB
Train results:
                train_loss  test_loss  ...  top5_accuracy  inference_time
Init.      0          NaN   2.306855  ...          47.39        0.122702
Pre-Prune  0          NaN   2.306855  ...          47.39        0.122702
Post-Prune 0          NaN   2.680617  ...          49.35        0.026103
Final      10    0.074062   0.121791  ...          99.83        0.021430

[4 rows x 5 columns]
First 20 lines of prune results:
    module   param  sparsity  ...  score abs variance score abs sum  prunable
0       1  weight  0.311097  ...        4.010846e-10      0.980858      True
1       1    bias  1.000000  ...        0.000000e+00      0.000000     False
2       3  weight  0.424300  ...        7.668779e-09      0.450645      True
3       3    bias  1.000000  ...        0.000000e+00      0.000000     False
4       5  weight  0.376700  ...        1.109022e-08      0.519234      True
5       5    bias  1.000000  ...        0.000000e+00      0.000000     False
6       7  weight  0.291200  ...        2.182158e-08      0.607798      True
7       7    bias  1.000000  ...        0.000000e+00      0.000000     False
8       9  weight  0.208200  ...        3.037865e-08      0.663623      True
9       9    bias  1.000000  ...        0.000000e+00      0.000000     False
10     11  weight  0.364000  ...        3.629367e-07      0.315077      True
11     11    bias  1.000000  ...        0.000000e+00      0.000000     False

[12 rows x 13 columns]
Parameter Sparsity: 38267/119910 (0.3191)
FLOP Sparsity: 38267/119910 (0.3191)
Saving results.
Loading mnist dataset.
Creating default-fc model.
Pre-Train for 0 epochs.
Pruning with synflow for 1 epochs.
Inference time on testing dataset, post-pruning: 0.026 sec 
GPU memory allocated: 20.98 MB, peak: 22.28 MB
Train results:
                train_loss  test_loss  ...  top5_accuracy  inference_time
Init.      0          NaN   2.306855  ...          47.39        0.131070
Pre-Prune  0          NaN   2.306855  ...          47.39        0.131070
Post-Prune 0          NaN   2.306739  ...          49.80        0.026102
Final      10    0.152015   0.171172  ...          99.73        0.026040

[4 rows x 5 columns]
First 20 lines of prune results:
    module   param  sparsity  ...  score abs variance score abs sum  prunable
0       1  weight  0.024209  ...            9.872969  421432.37500      True
1       1    bias  1.000000  ...            0.000000       0.00000     False
2       3  weight  0.874200  ...          606.436279  421973.75000      True
3       3    bias  1.000000  ...            0.000000       0.00000     False
4       5  weight  0.876000  ...          605.871582  422284.00000      True
5       5    bias  1.000000  ...            0.000000       0.00000     False
6       7  weight  0.868400  ...          616.338745  422344.31250      True
7       7    bias  1.000000  ...            0.000000       0.00000     False
8       9  weight  0.868300  ...          690.546692  422357.25000      True
9       9    bias  1.000000  ...            0.000000       0.00000     False
10     11  weight  0.991000  ...        62346.089844  422359.28125      True
11     11    bias  1.000000  ...            0.000000       0.00000     False

[12 rows x 13 columns]
Parameter Sparsity: 38267/119910 (0.3191)
FLOP Sparsity: 38267/119910 (0.3191)
Saving results.
python main.py --experiment singleshot --dataset cifar10 --model-class lottery --model resnet20 --pruner rand --compression 0.5 --expid part1_cifar10_resnet20_rand --result-dir Results/data/singleshot/0.2Sparsity --post-epochs 10 --pre-epochs 0 --train-batch-size 256 --test-batch-size 256 --prune-batch-size 256 --workers 4 --seed 1
python main.py --experiment singleshot --dataset cifar10 --model-class lottery --model resnet20 --pruner mag --compression 0.5 --expid part1_cifar10_resnet20_mag --result-dir Results/data/singleshot/0.2Sparsity --post-epochs 10 --pre-epochs 200 --train-batch-size 256 --test-batch-size 256 --prune-batch-size 256 --workers 4 --seed 1
python main.py --experiment singleshot --dataset cifar10 --model-class lottery --model resnet20 --pruner snip --compression 0.5 --expid part1_cifar10_resnet20_snip --result-dir Results/data/singleshot/0.2Sparsity --post-epochs 10 --pre-epochs 0 --train-batch-size 256 --test-batch-size 256 --prune-batch-size 256 --workers 4 --seed 1
python main.py --experiment singleshot --dataset cifar10 --model-class lottery --model resnet20 --pruner grasp --compression 0.5 --expid part1_cifar10_resnet20_grasp --result-dir Results/data/singleshot/0.2Sparsity --post-epochs 10 --pre-epochs 0 --train-batch-size 256 --test-batch-size 256 --prune-batch-size 256 --workers 4 --seed 1
python main.py --experiment singleshot --dataset cifar10 --model-class lottery --model resnet20 --pruner synflow --compression 0.5 --expid part1_cifar10_resnet20_synflow --result-dir Results/data/singleshot/0.2Sparsity --post-epochs 10 --pre-epochs 0 --train-batch-size 256 --test-batch-size 256 --prune-batch-size 256 --workers 4 --seed 1
python main.py --experiment singleshot --dataset mnist --model-class default --model fc --pruner rand --compression 0.5 --expid part1_mnist_fc_rand --result-dir Results/data/singleshot/0.2Sparsity --post-epochs 10 --pre-epochs 0 --train-batch-size 256 --test-batch-size 256 --prune-batch-size 256 --workers 4 --seed 1
python main.py --experiment singleshot --dataset mnist --model-class default --model fc --pruner mag --compression 0.5 --expid part1_mnist_fc_mag --result-dir Results/data/singleshot/0.2Sparsity --post-epochs 10 --pre-epochs 200 --train-batch-size 256 --test-batch-size 256 --prune-batch-size 256 --workers 4 --seed 1
python main.py --experiment singleshot --dataset mnist --model-class default --model fc --pruner snip --compression 0.5 --expid part1_mnist_fc_snip --result-dir Results/data/singleshot/0.2Sparsity --post-epochs 10 --pre-epochs 0 --train-batch-size 256 --test-batch-size 256 --prune-batch-size 256 --workers 4 --seed 1
python main.py --experiment singleshot --dataset mnist --model-class default --model fc --pruner grasp --compression 0.5 --expid part1_mnist_fc_grasp --result-dir Results/data/singleshot/0.2Sparsity --post-epochs 10 --pre-epochs 0 --train-batch-size 256 --test-batch-size 256 --prune-batch-size 256 --workers 4 --seed 1
python main.py --experiment singleshot --dataset mnist --model-class default --model fc --pruner synflow --compression 0.5 --expid part1_mnist_fc_synflow --result-dir Results/data/singleshot/0.2Sparsity --post-epochs 10 --pre-epochs 0 --train-batch-size 256 --test-batch-size 256 --prune-batch-size 256 --workers 4 --seed 1
Saved summary to Results/data/singleshot/0.2Sparsity/part1_summary.json
