Node(s): neu309
Loading cifar10 dataset.
Creating lottery-resnet20 model.
Pre-Train for 0 epochs.
Pruning with rand for 1 epochs.
Inference time on testing dataset, post-pruning: 0.129 sec 
GPU memory allocated: 24.74 MB, peak: 446.51 MB
Train results:
                train_loss  test_loss  ...  top5_accuracy  inference_time
Init.      0          NaN  58.012380  ...          50.00        4.350395
Pre-Prune  0          NaN  58.012380  ...          50.00        4.350395
Post-Prune 0          NaN   2.303050  ...          49.16        0.161649
Final      10    0.913087   0.931763  ...          97.37        0.129452

[4 rows x 5 columns]
First 20 lines of prune results:
                module   param  ...  score abs sum  prunable
0                conv  weight  ...     361.780884      True
1                  bn  weight  ...       0.000000     False
2                  bn    bias  ...       0.000000     False
3      blocks.0.conv1  weight  ...    1802.767090      True
4        blocks.0.bn1  weight  ...       0.000000     False
5        blocks.0.bn1    bias  ...       0.000000     False
6      blocks.0.conv2  weight  ...    1815.869629      True
7        blocks.0.bn2  weight  ...       0.000000     False
8        blocks.0.bn2    bias  ...       0.000000     False
9   blocks.0.shortcut  weight  ...       0.000000     False
10     blocks.1.conv1  weight  ...    1826.695679      True
11       blocks.1.bn1  weight  ...       0.000000     False
12       blocks.1.bn1    bias  ...       0.000000     False
13     blocks.1.conv2  weight  ...    1812.260254      True
14       blocks.1.bn2  weight  ...       0.000000     False
15       blocks.1.bn2    bias  ...       0.000000     False
16  blocks.1.shortcut  weight  ...       0.000000     False
17     blocks.2.conv1  weight  ...    1851.294189      True
18       blocks.2.bn1  weight  ...       0.000000     False
19       blocks.2.bn1    bias  ...       0.000000     False

[20 rows x 13 columns]
Parameter Sparsity: 28907/272714 (0.1060)
FLOP Sparsity: 4430289/41288330 (0.1073)
Saving results.
Loading cifar10 dataset.
Creating lottery-resnet20 model.
Pre-Train for 200 epochs.
Pruning with mag for 1 epochs.
Inference time on testing dataset, post-pruning: 0.210 sec 
GPU memory allocated: 24.74 MB, peak: 446.51 MB
Train results:
                 train_loss  test_loss  ...  top5_accuracy  inference_time
Init.      0           NaN  58.012380  ...          50.00        0.445148
Pre-Prune  200    0.043617   0.649602  ...          99.60        0.167416
Post-Prune 0           NaN   4.898561  ...          50.00        0.187905
Final      10     0.570435   0.620168  ...          98.86        0.209632

[4 rows x 5 columns]
First 20 lines of prune results:
                module   param  ...  score abs sum  prunable
0                conv  weight  ...     114.354904      True
1                  bn  weight  ...       0.000000     False
2                  bn    bias  ...       0.000000     False
3      blocks.0.conv1  weight  ...     406.988007      True
4        blocks.0.bn1  weight  ...       0.000000     False
5        blocks.0.bn1    bias  ...       0.000000     False
6      blocks.0.conv2  weight  ...     409.438293      True
7        blocks.0.bn2  weight  ...       0.000000     False
8        blocks.0.bn2    bias  ...       0.000000     False
9   blocks.0.shortcut  weight  ...       0.000000     False
10     blocks.1.conv1  weight  ...     405.573151      True
11       blocks.1.bn1  weight  ...       0.000000     False
12       blocks.1.bn1    bias  ...       0.000000     False
13     blocks.1.conv2  weight  ...     411.323547      True
14       blocks.1.bn2  weight  ...       0.000000     False
15       blocks.1.bn2    bias  ...       0.000000     False
16  blocks.1.shortcut  weight  ...       0.000000     False
17     blocks.2.conv1  weight  ...     409.953003      True
18       blocks.2.bn1  weight  ...       0.000000     False
19       blocks.2.bn1    bias  ...       0.000000     False

[20 rows x 13 columns]
Parameter Sparsity: 28908/272714 (0.1060)
FLOP Sparsity: 5058831/41288330 (0.1225)
Saving results.
Loading cifar10 dataset.
Creating lottery-resnet20 model.
Pre-Train for 0 epochs.
Pruning with snip for 1 epochs.
Inference time on testing dataset, post-pruning: 0.175 sec 
GPU memory allocated: 25.83 MB, peak: 446.68 MB
Train results:
                train_loss  test_loss  ...  top5_accuracy  inference_time
Init.      0          NaN  58.012380  ...          50.00        0.452974
Pre-Prune  0          NaN  58.012380  ...          50.00        0.452974
Post-Prune 0          NaN  77.174947  ...          50.01        0.176885
Final      10    1.007394   1.022889  ...          96.64        0.175329

[4 rows x 5 columns]
First 20 lines of prune results:
                module   param  ...  score abs sum  prunable
0                conv  weight  ...       0.015346      True
1                  bn  weight  ...       0.000000     False
2                  bn    bias  ...       0.000000     False
3      blocks.0.conv1  weight  ...       0.018276      True
4        blocks.0.bn1  weight  ...       0.000000     False
5        blocks.0.bn1    bias  ...       0.000000     False
6      blocks.0.conv2  weight  ...       0.019198      True
7        blocks.0.bn2  weight  ...       0.000000     False
8        blocks.0.bn2    bias  ...       0.000000     False
9   blocks.0.shortcut  weight  ...       0.000000     False
10     blocks.1.conv1  weight  ...       0.021502      True
11       blocks.1.bn1  weight  ...       0.000000     False
12       blocks.1.bn1    bias  ...       0.000000     False
13     blocks.1.conv2  weight  ...       0.024037      True
14       blocks.1.bn2  weight  ...       0.000000     False
15       blocks.1.bn2    bias  ...       0.000000     False
16  blocks.1.shortcut  weight  ...       0.000000     False
17     blocks.2.conv1  weight  ...       0.035664      True
18       blocks.2.bn1  weight  ...       0.000000     False
19       blocks.2.bn1    bias  ...       0.000000     False

[20 rows x 13 columns]
Parameter Sparsity: 28907/272714 (0.1060)
FLOP Sparsity: 6996105/41288330 (0.1694)
Saving results.
Loading cifar10 dataset.
Creating lottery-resnet20 model.
Pre-Train for 0 epochs.
Pruning with grasp for 1 epochs.
Inference time on testing dataset, post-pruning: 0.193 sec 
GPU memory allocated: 24.74 MB, peak: 445.59 MB
Train results:
                train_loss     test_loss  ...  top5_accuracy  inference_time
Init.      0          NaN  5.801238e+01  ...          50.00        0.525452
Pre-Prune  0          NaN  5.801238e+01  ...          50.00        0.525452
Post-Prune 0          NaN  1.481647e+11  ...          50.00        0.211167
Final      10    1.304472  1.280369e+00  ...          94.62        0.192996

[4 rows x 5 columns]
First 20 lines of prune results:
                module   param  ...  score abs sum  prunable
0                conv  weight  ...       0.249834      True
1                  bn  weight  ...       0.000000     False
2                  bn    bias  ...       0.000000     False
3      blocks.0.conv1  weight  ...       0.287410      True
4        blocks.0.bn1  weight  ...       0.000000     False
5        blocks.0.bn1    bias  ...       0.000000     False
6      blocks.0.conv2  weight  ...       0.304516      True
7        blocks.0.bn2  weight  ...       0.000000     False
8        blocks.0.bn2    bias  ...       0.000000     False
9   blocks.0.shortcut  weight  ...       0.000000     False
10     blocks.1.conv1  weight  ...       0.313804      True
11       blocks.1.bn1  weight  ...       0.000000     False
12       blocks.1.bn1    bias  ...       0.000000     False
13     blocks.1.conv2  weight  ...       0.310427      True
14       blocks.1.bn2  weight  ...       0.000000     False
15       blocks.1.bn2    bias  ...       0.000000     False
16  blocks.1.shortcut  weight  ...       0.000000     False
17     blocks.2.conv1  weight  ...       0.447950      True
18       blocks.2.bn1  weight  ...       0.000000     False
19       blocks.2.bn1    bias  ...       0.000000     False

[20 rows x 13 columns]
Parameter Sparsity: 28907/272714 (0.1060)
FLOP Sparsity: 6338148/41288330 (0.1535)
Saving results.
Loading cifar10 dataset.
Creating lottery-resnet20 model.
Pre-Train for 0 epochs.
Pruning with synflow for 1 epochs.
Inference time on testing dataset, post-pruning: 0.195 sec 
GPU memory allocated: 24.74 MB, peak: 446.51 MB
Train results:
                train_loss  test_loss  ...  top5_accuracy  inference_time
Init.      0          NaN  58.012380  ...          50.00        0.449502
Pre-Prune  0          NaN  58.012380  ...          50.00        0.449502
Post-Prune 0          NaN   2.305152  ...          50.00        0.192009
Final      10    1.776559   1.767681  ...          91.11        0.195497

[4 rows x 5 columns]
First 20 lines of prune results:
                module   param  ...  score abs sum  prunable
0                conv  weight  ...   1.352762e+25      True
1                  bn  weight  ...   0.000000e+00     False
2                  bn    bias  ...   0.000000e+00     False
3      blocks.0.conv1  weight  ...   1.345376e+25      True
4        blocks.0.bn1  weight  ...   0.000000e+00     False
5        blocks.0.bn1    bias  ...   0.000000e+00     False
6      blocks.0.conv2  weight  ...   1.345375e+25      True
7        blocks.0.bn2  weight  ...   0.000000e+00     False
8        blocks.0.bn2    bias  ...   0.000000e+00     False
9   blocks.0.shortcut  weight  ...   0.000000e+00     False
10     blocks.1.conv1  weight  ...   1.345198e+25      True
11       blocks.1.bn1  weight  ...   0.000000e+00     False
12       blocks.1.bn1    bias  ...   0.000000e+00     False
13     blocks.1.conv2  weight  ...   1.345198e+25      True
14       blocks.1.bn2  weight  ...   0.000000e+00     False
15       blocks.1.bn2    bias  ...   0.000000e+00     False
16  blocks.1.shortcut  weight  ...   0.000000e+00     False
17     blocks.2.conv1  weight  ...   1.345118e+25      True
18       blocks.2.bn1  weight  ...   0.000000e+00     False
19       blocks.2.bn1    bias  ...   0.000000e+00     False

[20 rows x 13 columns]
Parameter Sparsity: 28907/272714 (0.1060)
FLOP Sparsity: 15765987/41288330 (0.3819)
Saving results.
Loading mnist dataset.
Creating default-fc model.
Pre-Train for 0 epochs.
Pruning with rand for 1 epochs.
Inference time on testing dataset, post-pruning: 0.019 sec 
GPU memory allocated: 20.98 MB, peak: 22.28 MB
Train results:
                train_loss  test_loss  ...  top5_accuracy  inference_time
Init.      0          NaN   2.306855  ...          47.39        0.155015
Pre-Prune  0          NaN   2.306855  ...          47.39        0.155015
Post-Prune 0          NaN   2.305041  ...          49.26        0.032252
Final      10    0.183232   0.182026  ...          99.79        0.018710

[4 rows x 5 columns]
First 20 lines of prune results:
    module   param  sparsity  ...  score abs variance score abs sum  prunable
0       1  weight  0.100587  ...            0.364183  62539.335938      True
1       1    bias  1.000000  ...            0.000000      0.000000     False
2       3  weight  0.098500  ...            0.367775   7920.516602      True
3       3    bias  1.000000  ...            0.000000      0.000000     False
4       5  weight  0.100200  ...            0.352073   7896.190430      True
5       5    bias  1.000000  ...            0.000000      0.000000     False
6       7  weight  0.098300  ...            0.361521   7916.939453      True
7       7    bias  1.000000  ...            0.000000      0.000000     False
8       9  weight  0.097900  ...            0.354341   7925.648438      True
9       9    bias  1.000000  ...            0.000000      0.000000     False
10     11  weight  0.105000  ...            0.353799    826.184204      True
11     11    bias  1.000000  ...            0.000000      0.000000     False

[12 rows x 13 columns]
Parameter Sparsity: 12450/119910 (0.1038)
FLOP Sparsity: 12450/119910 (0.1038)
Saving results.
Loading mnist dataset.
Creating default-fc model.
Pre-Train for 200 epochs.
Pruning with mag for 1 epochs.
Inference time on testing dataset, post-pruning: 0.021 sec 
GPU memory allocated: 20.98 MB, peak: 22.28 MB
Train results:
                   train_loss  test_loss  ...  top5_accuracy  inference_time
Init.      0             NaN   2.306855  ...          47.39        0.160822
Pre-Prune  200  9.338060e-11   0.258013  ...          99.88        0.020685
Post-Prune 0             NaN   2.208386  ...          75.70        0.021331
Final      10   1.331824e-02   0.109069  ...          99.89        0.020877

[4 rows x 5 columns]
First 20 lines of prune results:
    module   param  sparsity  ...  score abs variance score abs sum  prunable
0       1  weight  0.089707  ...            0.009990   7362.223633      True
1       1    bias  1.000000  ...            0.000000      0.000000     False
2       3  weight  0.165000  ...            0.012421   1370.124756      True
3       3    bias  1.000000  ...            0.000000      0.000000     False
4       5  weight  0.142200  ...            0.010888   1292.411011      True
5       5    bias  1.000000  ...            0.000000      0.000000     False
6       7  weight  0.100900  ...            0.008440   1142.691162      True
7       7    bias  1.000000  ...            0.000000      0.000000     False
8       9  weight  0.063200  ...            0.006392    995.294312      True
9       9    bias  1.000000  ...            0.000000      0.000000     False
10     11  weight  0.194000  ...            0.022240    150.575470      True
11     11    bias  1.000000  ...            0.000000      0.000000     False

[12 rows x 13 columns]
Parameter Sparsity: 12449/119910 (0.1038)
FLOP Sparsity: 12449/119910 (0.1038)
Saving results.
Loading mnist dataset.
Creating default-fc model.
Pre-Train for 0 epochs.
Pruning with snip for 1 epochs.
Inference time on testing dataset, post-pruning: 0.023 sec 
GPU memory allocated: 21.46 MB, peak: 22.76 MB
Train results:
                train_loss  test_loss  ...  top5_accuracy  inference_time
Init.      0          NaN   2.306855  ...          47.39        0.168729
Pre-Prune  0          NaN   2.306855  ...          47.39        0.168729
Post-Prune 0          NaN   2.306854  ...          49.80        0.030248
Final      10    0.129562   0.145218  ...          99.81        0.022946

[4 rows x 5 columns]
First 20 lines of prune results:
    module   param  sparsity  ...  score abs variance score abs sum  prunable
0       1  weight  0.054056  ...        5.989314e-11      0.404448      True
1       1    bias  1.000000  ...        0.000000e+00      0.000000     False
2       3  weight  0.218900  ...        4.284687e-10      0.125934      True
3       3    bias  1.000000  ...        0.000000e+00      0.000000     False
4       5  weight  0.181800  ...        4.830764e-10      0.111812      True
5       5    bias  1.000000  ...        0.000000e+00      0.000000     False
6       7  weight  0.151100  ...        6.846699e-10      0.103630      True
7       7    bias  1.000000  ...        0.000000e+00      0.000000     False
8       9  weight  0.176600  ...        2.011727e-09      0.158670      True
9       9    bias  1.000000  ...        0.000000e+00      0.000000     False
10     11  weight  0.418000  ...        5.414623e-08      0.095505      True
11     11    bias  1.000000  ...        0.000000e+00      0.000000     False

[12 rows x 13 columns]
Parameter Sparsity: 12449/119910 (0.1038)
FLOP Sparsity: 12449/119910 (0.1038)
Saving results.
Loading mnist dataset.
Creating default-fc model.
Pre-Train for 0 epochs.
Pruning with grasp for 1 epochs.
Inference time on testing dataset, post-pruning: 0.026 sec 
GPU memory allocated: 20.98 MB, peak: 22.28 MB
Train results:
                train_loss  test_loss  ...  top5_accuracy  inference_time
Init.      0          NaN   2.306855  ...          47.39        0.144840
Pre-Prune  0          NaN   2.306855  ...          47.39        0.144840
Post-Prune 0          NaN   2.387675  ...          49.31        0.026216
Final      10    0.161218   0.179594  ...          99.71        0.026136

[4 rows x 5 columns]
First 20 lines of prune results:
    module   param  sparsity  ...  score abs variance score abs sum  prunable
0       1  weight  0.051645  ...        4.010846e-10      0.980858      True
1       1    bias  1.000000  ...        0.000000e+00      0.000000     False
2       3  weight  0.216500  ...        7.668779e-09      0.450645      True
3       3    bias  1.000000  ...        0.000000e+00      0.000000     False
4       5  weight  0.206200  ...        1.109022e-08      0.519234      True
5       5    bias  1.000000  ...        0.000000e+00      0.000000     False
6       7  weight  0.176400  ...        2.182158e-08      0.607798      True
7       7    bias  1.000000  ...        0.000000e+00      0.000000     False
8       9  weight  0.156500  ...        3.037865e-08      0.663623      True
9       9    bias  1.000000  ...        0.000000e+00      0.000000     False
10     11  weight  0.335000  ...        3.629367e-07      0.315077      True
11     11    bias  1.000000  ...        0.000000e+00      0.000000     False

[12 rows x 13 columns]
Parameter Sparsity: 12450/119910 (0.1038)
FLOP Sparsity: 12450/119910 (0.1038)
Saving results.
Loading mnist dataset.
Creating default-fc model.
Pre-Train for 0 epochs.
Pruning with synflow for 1 epochs.
Inference time on testing dataset, post-pruning: 0.025 sec 
GPU memory allocated: 20.98 MB, peak: 22.28 MB
Train results:
                train_loss  test_loss  ...  top5_accuracy  inference_time
Init.      0          NaN   2.306855  ...          47.39        0.136018
Pre-Prune  0          NaN   2.306855  ...          47.39        0.136018
Post-Prune 0          NaN   2.306644  ...          49.80        0.030285
Final      10     2.30135   2.301037  ...          52.14        0.024908

[4 rows x 5 columns]
First 20 lines of prune results:
    module   param  sparsity  ...  score abs variance score abs sum  prunable
0       1  weight    0.0000  ...            9.872969  421432.37500      True
1       1    bias    1.0000  ...            0.000000       0.00000     False
2       3  weight    0.2801  ...          606.436279  421973.75000      True
3       3    bias    1.0000  ...            0.000000       0.00000     False
4       5  weight    0.2774  ...          605.871582  422284.00000      True
5       5    bias    1.0000  ...            0.000000       0.00000     False
6       7  weight    0.2796  ...          616.338745  422344.31250      True
7       7    bias    1.0000  ...            0.000000       0.00000     False
8       9  weight    0.2638  ...          690.546692  422357.25000      True
9       9    bias    1.0000  ...            0.000000       0.00000     False
10     11  weight    0.9310  ...        62346.089844  422359.28125      True
11     11    bias    1.0000  ...            0.000000       0.00000     False

[12 rows x 13 columns]
Parameter Sparsity: 12449/119910 (0.1038)
FLOP Sparsity: 12449/119910 (0.1038)
Saving results.
python main.py --experiment singleshot --dataset cifar10 --model-class lottery --model resnet20 --pruner rand --compression 1.0 --expid part1_cifar10_resnet20_rand --result-dir Results/data/singleshot --post-epochs 10 --pre-epochs 0 --train-batch-size 256 --test-batch-size 256 --prune-batch-size 256 --workers 4 --seed 1
python main.py --experiment singleshot --dataset cifar10 --model-class lottery --model resnet20 --pruner mag --compression 1.0 --expid part1_cifar10_resnet20_mag --result-dir Results/data/singleshot --post-epochs 10 --pre-epochs 200 --train-batch-size 256 --test-batch-size 256 --prune-batch-size 256 --workers 4 --seed 1
python main.py --experiment singleshot --dataset cifar10 --model-class lottery --model resnet20 --pruner snip --compression 1.0 --expid part1_cifar10_resnet20_snip --result-dir Results/data/singleshot --post-epochs 10 --pre-epochs 0 --train-batch-size 256 --test-batch-size 256 --prune-batch-size 256 --workers 4 --seed 1
python main.py --experiment singleshot --dataset cifar10 --model-class lottery --model resnet20 --pruner grasp --compression 1.0 --expid part1_cifar10_resnet20_grasp --result-dir Results/data/singleshot --post-epochs 10 --pre-epochs 0 --train-batch-size 256 --test-batch-size 256 --prune-batch-size 256 --workers 4 --seed 1
python main.py --experiment singleshot --dataset cifar10 --model-class lottery --model resnet20 --pruner synflow --compression 1.0 --expid part1_cifar10_resnet20_synflow --result-dir Results/data/singleshot --post-epochs 10 --pre-epochs 0 --train-batch-size 256 --test-batch-size 256 --prune-batch-size 256 --workers 4 --seed 1
python main.py --experiment singleshot --dataset mnist --model-class default --model fc --pruner rand --compression 1.0 --expid part1_mnist_fc_rand --result-dir Results/data/singleshot --post-epochs 10 --pre-epochs 0 --train-batch-size 256 --test-batch-size 256 --prune-batch-size 256 --workers 4 --seed 1
python main.py --experiment singleshot --dataset mnist --model-class default --model fc --pruner mag --compression 1.0 --expid part1_mnist_fc_mag --result-dir Results/data/singleshot --post-epochs 10 --pre-epochs 200 --train-batch-size 256 --test-batch-size 256 --prune-batch-size 256 --workers 4 --seed 1
python main.py --experiment singleshot --dataset mnist --model-class default --model fc --pruner snip --compression 1.0 --expid part1_mnist_fc_snip --result-dir Results/data/singleshot --post-epochs 10 --pre-epochs 0 --train-batch-size 256 --test-batch-size 256 --prune-batch-size 256 --workers 4 --seed 1
python main.py --experiment singleshot --dataset mnist --model-class default --model fc --pruner grasp --compression 1.0 --expid part1_mnist_fc_grasp --result-dir Results/data/singleshot --post-epochs 10 --pre-epochs 0 --train-batch-size 256 --test-batch-size 256 --prune-batch-size 256 --workers 4 --seed 1
python main.py --experiment singleshot --dataset mnist --model-class default --model fc --pruner synflow --compression 1.0 --expid part1_mnist_fc_synflow --result-dir Results/data/singleshot --post-epochs 10 --pre-epochs 0 --train-batch-size 256 --test-batch-size 256 --prune-batch-size 256 --workers 4 --seed 1
Saved summary to Results/data/singleshot/part1_summary.json
